D:\GDDA\rag_service\recommend_engine.py:121: UserWarning: pandas only supports SQLAlchemy connectable (engine/connection) or database string URI or sqlite3 DBAPI2 connection. Other DBAPI2 objects are not tested. Please consider using SQLAlchemy.
  df_knn = pd.read_sql(query_knn, conn)
D:\GDDA\rag_service\recommend_engine.py:127: UserWarning: pandas only supports SQLAlchemy connectable (engine/connection) or database string URI or sqlite3 DBAPI2 connection. Other DBAPI2 objects are not tested. Please consider using SQLAlchemy.
  df_apriori = pd.read_sql(query_apriori, conn)
D:\GDDA\rag_service\venv\Lib\site-packages\websockets\legacy\__init__.py:6: DeprecationWarning: websockets.legacy is deprecated; see https://websockets.readthedocs.io/en/stable/howto/upgrade.html for upgrade instructions
  warnings.warn(  # deprecated in 14.0 - 2024-11-09
D:\GDDA\rag_service\venv\Lib\site-packages\uvicorn\protocols\websockets\websockets_impl.py:17: DeprecationWarning: websockets.server.WebSocketServerProtocol is deprecated
  from websockets.server import WebSocketServerProtocol
INFO:     Started server process [21596]
INFO:     Waiting for application startup.
INFO:     Application startup complete.
INFO:     Uvicorn running on http://127.0.0.1:8000 (Press CTRL+C to quit)
D:\GDDA\rag_service\rag_engine.py:43: LangChainDeprecationWarning: The class `HuggingFaceEmbeddings` was deprecated in LangChain 0.2.2 and will be removed in 1.0. An updated version of the class exists in the `langchain-huggingface package and should be used instead. To use it run `pip install -U `langchain-huggingface` and import as `from `langchain_huggingface import HuggingFaceEmbeddings``.
  self.embeddings = HuggingFaceEmbeddings(model_name="sentence-transformers/all-MiniLM-L6-v2")
Warning: You are sending unauthenticated requests to the HF Hub. Please set a HF_TOKEN to enable higher rate limits and faster downloads.
Loading weights:   0%|          | 0/103 [00:00<?, ?it/s]Loading weights: 100%|##########| 103/103 [00:00<00:00, 2114.18it/s]
D:\GDDA\rag_service\rag_engine.py:48: LangChainDeprecationWarning: The class `Chroma` was deprecated in LangChain 0.2.9 and will be removed in 1.0. An updated version of the class exists in the `langchain-chroma package and should be used instead. To use it run `pip install -U `langchain-chroma` and import as `from `langchain_chroma import Chroma``.
  self.vectorstore = Chroma(persist_directory=self.vector_dir, embedding_function=self.embeddings)
D:\GDDA\rag_service\venv\Lib\site-packages\chromadb\telemetry\opentelemetry\__init__.py:128: DeprecationWarning: 'asyncio.iscoroutinefunction' is deprecated and slated for removal in Python 3.16; use inspect.iscoroutinefunction() instead
  if asyncio.iscoroutinefunction(f):
